{ "case": "providers_ranked", "expect": ["p1","p2"] }\n